// Jest Snapshot v1, https://goo.gl/fbAQLP

exports[`App component tests matches snapshot 1`] = `
<div
  className="bookStore"
>
  <h1>
    Book Shop
  </h1>
  <div
    className="bookStore-container"
  >
    <div
      className="bookStore-list"
    >
      <div
        className="bookStore-list-item"
      >
        <img />
        <div
          className="bookStore-list-item-description"
        >
          <div>
            <p>
              Harry Potter and the Sorcerers Stone
            </p>
            <p
              className="subText"
            >
              By 
              J.K. Rowling
            </p>
            <p>
              $ 
              8.00
            </p>
          </div>
          <div
            className="bookStore-list-item-actionButtons"
          >
            <button
              className="bookStore-list-item-actionButtons-remove"
              disabled={true}
              id="book1-remove"
              onClick={[Function]}
            >
              <svg
                fill="none"
                height="1em"
                stroke="currentColor"
                strokeLinecap="round"
                strokeLinejoin="round"
                strokeWidth="2"
                style={
                  Object {
                    "color": undefined,
                  }
                }
                viewBox="0 0 24 24"
                width="1em"
                xmlns="http://www.w3.org/2000/svg"
              >
                <rect
                  height="18"
                  rx="2"
                  ry="2"
                  width="18"
                  x="3"
                  y="3"
                />
                <line
                  x1="8"
                  x2="16"
                  y1="12"
                  y2="12"
                />
              </svg>
            </button>
            <input
              defaultValue={0}
              readOnly={true}
              value={0}
            />
            <button
              className="bookStore-list-item-actionButtons-add"
              id="book1-add"
              onClick={[Function]}
            >
              <svg
                fill="none"
                height="1em"
                stroke="currentColor"
                strokeLinecap="round"
                strokeLinejoin="round"
                strokeWidth="2"
                style={
                  Object {
                    "color": undefined,
                  }
                }
                viewBox="0 0 24 24"
                width="1em"
                xmlns="http://www.w3.org/2000/svg"
              >
                <rect
                  height="18"
                  rx="2"
                  ry="2"
                  width="18"
                  x="3"
                  y="3"
                />
                <line
                  x1="12"
                  x2="12"
                  y1="8"
                  y2="16"
                />
                <line
                  x1="8"
                  x2="16"
                  y1="12"
                  y2="12"
                />
              </svg>
            </button>
          </div>
        </div>
      </div>
      <div
        className="bookStore-list-item"
      >
        <img />
        <div
          className="bookStore-list-item-description"
        >
          <div>
            <p>
              Harry Potter and the Chamber of Secrets
            </p>
            <p
              className="subText"
            >
              By 
              J.K. Rowling
            </p>
            <p>
              $ 
              8.00
            </p>
          </div>
          <div
            className="bookStore-list-item-actionButtons"
          >
            <button
              className="bookStore-list-item-actionButtons-remove"
              disabled={true}
              id="book2-remove"
              onClick={[Function]}
            >
              <svg
                fill="none"
                height="1em"
                stroke="currentColor"
                strokeLinecap="round"
                strokeLinejoin="round"
                strokeWidth="2"
                style={
                  Object {
                    "color": undefined,
                  }
                }
                viewBox="0 0 24 24"
                width="1em"
                xmlns="http://www.w3.org/2000/svg"
              >
                <rect
                  height="18"
                  rx="2"
                  ry="2"
                  width="18"
                  x="3"
                  y="3"
                />
                <line
                  x1="8"
                  x2="16"
                  y1="12"
                  y2="12"
                />
              </svg>
            </button>
            <input
              defaultValue={0}
              readOnly={true}
              value={0}
            />
            <button
              className="bookStore-list-item-actionButtons-add"
              id="book2-add"
              onClick={[Function]}
            >
              <svg
                fill="none"
                height="1em"
                stroke="currentColor"
                strokeLinecap="round"
                strokeLinejoin="round"
                strokeWidth="2"
                style={
                  Object {
                    "color": undefined,
                  }
                }
                viewBox="0 0 24 24"
                width="1em"
                xmlns="http://www.w3.org/2000/svg"
              >
                <rect
                  height="18"
                  rx="2"
                  ry="2"
                  width="18"
                  x="3"
                  y="3"
                />
                <line
                  x1="12"
                  x2="12"
                  y1="8"
                  y2="16"
                />
                <line
                  x1="8"
                  x2="16"
                  y1="12"
                  y2="12"
                />
              </svg>
            </button>
          </div>
        </div>
      </div>
      <div
        className="bookStore-list-item"
      >
        <img />
        <div
          className="bookStore-list-item-description"
        >
          <div>
            <p>
              Harry Potter and the Prisoner of Azkaban
            </p>
            <p
              className="subText"
            >
              By 
              J.K. Rowling
            </p>
            <p>
              $ 
              8.00
            </p>
          </div>
          <div
            className="bookStore-list-item-actionButtons"
          >
            <button
              className="bookStore-list-item-actionButtons-remove"
              disabled={true}
              id="book3-remove"
              onClick={[Function]}
            >
              <svg
                fill="none"
                height="1em"
                stroke="currentColor"
                strokeLinecap="round"
                strokeLinejoin="round"
                strokeWidth="2"
                style={
                  Object {
                    "color": undefined,
                  }
                }
                viewBox="0 0 24 24"
                width="1em"
                xmlns="http://www.w3.org/2000/svg"
              >
                <rect
                  height="18"
                  rx="2"
                  ry="2"
                  width="18"
                  x="3"
                  y="3"
                />
                <line
                  x1="8"
                  x2="16"
                  y1="12"
                  y2="12"
                />
              </svg>
            </button>
            <input
              defaultValue={0}
              readOnly={true}
              value={0}
            />
            <button
              className="bookStore-list-item-actionButtons-add"
              id="book3-add"
              onClick={[Function]}
            >
              <svg
                fill="none"
                height="1em"
                stroke="currentColor"
                strokeLinecap="round"
                strokeLinejoin="round"
                strokeWidth="2"
                style={
                  Object {
                    "color": undefined,
                  }
                }
                viewBox="0 0 24 24"
                width="1em"
                xmlns="http://www.w3.org/2000/svg"
              >
                <rect
                  height="18"
                  rx="2"
                  ry="2"
                  width="18"
                  x="3"
                  y="3"
                />
                <line
                  x1="12"
                  x2="12"
                  y1="8"
                  y2="16"
                />
                <line
                  x1="8"
                  x2="16"
                  y1="12"
                  y2="12"
                />
              </svg>
            </button>
          </div>
        </div>
      </div>
      <div
        className="bookStore-list-item"
      >
        <img />
        <div
          className="bookStore-list-item-description"
        >
          <div>
            <p>
              Harry Potter and the Goblet of Fire
            </p>
            <p
              className="subText"
            >
              By 
              J.K. Rowling
            </p>
            <p>
              $ 
              8.00
            </p>
          </div>
          <div
            className="bookStore-list-item-actionButtons"
          >
            <button
              className="bookStore-list-item-actionButtons-remove"
              disabled={true}
              id="book4-remove"
              onClick={[Function]}
            >
              <svg
                fill="none"
                height="1em"
                stroke="currentColor"
                strokeLinecap="round"
                strokeLinejoin="round"
                strokeWidth="2"
                style={
                  Object {
                    "color": undefined,
                  }
                }
                viewBox="0 0 24 24"
                width="1em"
                xmlns="http://www.w3.org/2000/svg"
              >
                <rect
                  height="18"
                  rx="2"
                  ry="2"
                  width="18"
                  x="3"
                  y="3"
                />
                <line
                  x1="8"
                  x2="16"
                  y1="12"
                  y2="12"
                />
              </svg>
            </button>
            <input
              defaultValue={0}
              readOnly={true}
              value={0}
            />
            <button
              className="bookStore-list-item-actionButtons-add"
              id="book4-add"
              onClick={[Function]}
            >
              <svg
                fill="none"
                height="1em"
                stroke="currentColor"
                strokeLinecap="round"
                strokeLinejoin="round"
                strokeWidth="2"
                style={
                  Object {
                    "color": undefined,
                  }
                }
                viewBox="0 0 24 24"
                width="1em"
                xmlns="http://www.w3.org/2000/svg"
              >
                <rect
                  height="18"
                  rx="2"
                  ry="2"
                  width="18"
                  x="3"
                  y="3"
                />
                <line
                  x1="12"
                  x2="12"
                  y1="8"
                  y2="16"
                />
                <line
                  x1="8"
                  x2="16"
                  y1="12"
                  y2="12"
                />
              </svg>
            </button>
          </div>
        </div>
      </div>
      <div
        className="bookStore-list-item"
      >
        <img />
        <div
          className="bookStore-list-item-description"
        >
          <div>
            <p>
              Harry Potter and the Order of the Phoenix
            </p>
            <p
              className="subText"
            >
              By 
              J.K. Rowling
            </p>
            <p>
              $ 
              8.00
            </p>
          </div>
          <div
            className="bookStore-list-item-actionButtons"
          >
            <button
              className="bookStore-list-item-actionButtons-remove"
              disabled={true}
              id="book5-remove"
              onClick={[Function]}
            >
              <svg
                fill="none"
                height="1em"
                stroke="currentColor"
                strokeLinecap="round"
                strokeLinejoin="round"
                strokeWidth="2"
                style={
                  Object {
                    "color": undefined,
                  }
                }
                viewBox="0 0 24 24"
                width="1em"
                xmlns="http://www.w3.org/2000/svg"
              >
                <rect
                  height="18"
                  rx="2"
                  ry="2"
                  width="18"
                  x="3"
                  y="3"
                />
                <line
                  x1="8"
                  x2="16"
                  y1="12"
                  y2="12"
                />
              </svg>
            </button>
            <input
              defaultValue={0}
              readOnly={true}
              value={0}
            />
            <button
              className="bookStore-list-item-actionButtons-add"
              id="book5-add"
              onClick={[Function]}
            >
              <svg
                fill="none"
                height="1em"
                stroke="currentColor"
                strokeLinecap="round"
                strokeLinejoin="round"
                strokeWidth="2"
                style={
                  Object {
                    "color": undefined,
                  }
                }
                viewBox="0 0 24 24"
                width="1em"
                xmlns="http://www.w3.org/2000/svg"
              >
                <rect
                  height="18"
                  rx="2"
                  ry="2"
                  width="18"
                  x="3"
                  y="3"
                />
                <line
                  x1="12"
                  x2="12"
                  y1="8"
                  y2="16"
                />
                <line
                  x1="8"
                  x2="16"
                  y1="12"
                  y2="12"
                />
              </svg>
            </button>
          </div>
        </div>
      </div>
    </div>
    <div
      className="bookStore-shoppingCart"
    >
      <div>
        Your cart is empty!
      </div>
    </div>
  </div>
</div>
`;
